// Jest Snapshot v1, https://goo.gl/fbAQLP

exports[`should render SalesEstimator correctly 1`] = `
<SalesComponent
  bsr=""
  onBsrChange={[Function]}
  sales=""
/>
`;
