// Jest Snapshot v1, https://goo.gl/fbAQLP

exports[`should render AmazonUrl correctly 1`] = `<BasicInput />`;
