// Jest Snapshot v1, https://goo.gl/fbAQLP

exports[`should render Facebook correctly 1`] = `<TextAreaInput />`;
