// Jest Snapshot v1, https://goo.gl/fbAQLP

exports[`should render Genre correctly 1`] = `
ShallowWrapper {
  "length": 1,
  Symbol(enzyme.__root__): [Circular],
  Symbol(enzyme.__unrendered__): <Genre />,
  Symbol(enzyme.__renderer__): Object {
    "batchedUpdates": [Function],
    "getNode": [Function],
    "render": [Function],
    "simulateEvent": [Function],
    "unmount": [Function],
  },
  Symbol(enzyme.__node__): Object {
    "instance": null,
    "key": undefined,
    "nodeType": "host",
    "props": Object {
      "children": Array [
        "Genre:*",
        <input
          onChange={undefined}
          type="text"
          value={undefined}
        />,
      ],
    },
    "ref": null,
    "rendered": Array [
      "Genre:*",
      Object {
        "instance": null,
        "key": undefined,
        "nodeType": "host",
        "props": Object {
          "onChange": undefined,
          "type": "text",
          "value": undefined,
        },
        "ref": null,
        "rendered": null,
        "type": "input",
      },
    ],
    "type": "label",
  },
  Symbol(enzyme.__nodes__): Array [
    Object {
      "instance": null,
      "key": undefined,
      "nodeType": "host",
      "props": Object {
        "children": Array [
          "Genre:*",
          <input
            onChange={undefined}
            type="text"
            value={undefined}
          />,
        ],
      },
      "ref": null,
      "rendered": Array [
        "Genre:*",
        Object {
          "instance": null,
          "key": undefined,
          "nodeType": "host",
          "props": Object {
            "onChange": undefined,
            "type": "text",
            "value": undefined,
          },
          "ref": null,
          "rendered": null,
          "type": "input",
        },
      ],
      "type": "label",
    },
  ],
  Symbol(enzyme.__options__): Object {
    "adapter": ReactSixteenAdapter {
      "options": Object {
        "enableComponentDidUpdateOnSetState": true,
      },
    },
  },
}
`;
