// Jest Snapshot v1, https://goo.gl/fbAQLP

exports[`should render AlertsSubmitter correctly 1`] = `
ShallowWrapper {
  Symbol(enzyme.__root__): [Circular],
  Symbol(enzyme.__unrendered__): <AlertsSubmitter />,
  Symbol(enzyme.__renderer__): Object {
    "batchedUpdates": [Function],
    "getNode": [Function],
    "render": [Function],
    "simulateError": [Function],
    "simulateEvent": [Function],
    "unmount": [Function],
  },
  Symbol(enzyme.__node__): Object {
    "instance": null,
    "key": undefined,
    "nodeType": "function",
    "props": Object {
      "alertMe": Object {
        "onTheDate": Object {
          "isActive": true,
          "text": "On the date",
        },
        "oneWeekBefore": Object {
          "isActive": false,
          "text": "One week before",
        },
        "twoWeeksBefore": Object {
          "isActive": false,
          "text": "Two weeks before",
        },
      },
      "amazonUrl": "",
      "calendarFocused": false,
      "currentPage": "AlertsPage",
      "date": "2017-02-14T12:51:48.000Z",
      "email": "",
      "email2": "",
      "error": Object {
        "alertMe": "",
        "amazonUrl": "",
        "email": "",
        "email2": "",
        "message": "",
        "notes": "",
      },
      "notes": "",
      "onAlertMeChange": [Function],
      "onAmazonUrlChange": [Function],
      "onDateChange": [Function],
      "onEmail2Change": [Function],
      "onEmailChange": [Function],
      "onFocusChange": [Function],
      "onNotesChange": [Function],
      "onSubmitAlert": [Function],
    },
    "ref": null,
    "rendered": null,
    "type": [Function],
  },
  Symbol(enzyme.__nodes__): Array [
    Object {
      "instance": null,
      "key": undefined,
      "nodeType": "function",
      "props": Object {
        "alertMe": Object {
          "onTheDate": Object {
            "isActive": true,
            "text": "On the date",
          },
          "oneWeekBefore": Object {
            "isActive": false,
            "text": "One week before",
          },
          "twoWeeksBefore": Object {
            "isActive": false,
            "text": "Two weeks before",
          },
        },
        "amazonUrl": "",
        "calendarFocused": false,
        "currentPage": "AlertsPage",
        "date": "2017-02-14T12:51:48.000Z",
        "email": "",
        "email2": "",
        "error": Object {
          "alertMe": "",
          "amazonUrl": "",
          "email": "",
          "email2": "",
          "message": "",
          "notes": "",
        },
        "notes": "",
        "onAlertMeChange": [Function],
        "onAmazonUrlChange": [Function],
        "onDateChange": [Function],
        "onEmail2Change": [Function],
        "onEmailChange": [Function],
        "onFocusChange": [Function],
        "onNotesChange": [Function],
        "onSubmitAlert": [Function],
      },
      "ref": null,
      "rendered": null,
      "type": [Function],
    },
  ],
  Symbol(enzyme.__options__): Object {
    "adapter": ReactSixteenAdapter {
      "options": Object {
        "enableComponentDidUpdateOnSetState": true,
        "lifecycles": Object {
          "componentDidUpdate": Object {
            "onSetState": true,
          },
          "getDerivedStateFromProps": true,
          "getSnapshotBeforeUpdate": true,
          "setState": Object {
            "skipsComponentDidUpdateOnNullish": true,
          },
        },
      },
    },
  },
}
`;
