// Jest Snapshot v1, https://goo.gl/fbAQLP

exports[`should render SalesComponent correctly 1`] = `
ShallowWrapper {
  Symbol(enzyme.__root__): [Circular],
  Symbol(enzyme.__unrendered__): <SalesComponent />,
  Symbol(enzyme.__renderer__): Object {
    "batchedUpdates": [Function],
    "getNode": [Function],
    "render": [Function],
    "simulateError": [Function],
    "simulateEvent": [Function],
    "unmount": [Function],
  },
  Symbol(enzyme.__node__): Object {
    "instance": null,
    "key": undefined,
    "nodeType": "function",
    "props": Object {
      "children": <Col
        sm={
          Object {
            "offset": 3,
            "size": 6,
          }
        }
        tag="div"
        widths={
          Array [
            "xs",
            "sm",
            "md",
            "lg",
            "xl",
          ]
        }
        xs="12"
      >
        <Card
          tag="div"
        >
          <CardHeader
            tag="div"
          >
            <h4>
              <strong>
                Sales Estimator
              </strong>
            </h4>
          </CardHeader>
          <CardBody
            tag="div"
          >
            <KindleOrPrint />
            <BasicInput
              label="Enter BSR"
            />
            <br />
          </CardBody>
        </Card>
      </Col>,
      "className": "animated fadeIn",
      "tag": "div",
    },
    "ref": null,
    "rendered": Object {
      "instance": null,
      "key": undefined,
      "nodeType": "function",
      "props": Object {
        "children": <Card
          tag="div"
        >
          <CardHeader
            tag="div"
          >
            <h4>
              <strong>
                Sales Estimator
              </strong>
            </h4>
          </CardHeader>
          <CardBody
            tag="div"
          >
            <KindleOrPrint />
            <BasicInput
              label="Enter BSR"
            />
            <br />
          </CardBody>
        </Card>,
        "sm": Object {
          "offset": 3,
          "size": 6,
        },
        "tag": "div",
        "widths": Array [
          "xs",
          "sm",
          "md",
          "lg",
          "xl",
        ],
        "xs": "12",
      },
      "ref": null,
      "rendered": Object {
        "instance": null,
        "key": undefined,
        "nodeType": "function",
        "props": Object {
          "children": Array [
            <CardHeader
              tag="div"
            >
              <h4>
                <strong>
                  Sales Estimator
                </strong>
              </h4>
            </CardHeader>,
            <CardBody
              tag="div"
            >
              <KindleOrPrint />
              <BasicInput
                label="Enter BSR"
              />
              <br />
            </CardBody>,
          ],
          "tag": "div",
        },
        "ref": null,
        "rendered": Array [
          Object {
            "instance": null,
            "key": undefined,
            "nodeType": "function",
            "props": Object {
              "children": <h4>
                <strong>
                  Sales Estimator
                </strong>
              </h4>,
              "tag": "div",
            },
            "ref": null,
            "rendered": Object {
              "instance": null,
              "key": undefined,
              "nodeType": "host",
              "props": Object {
                "children": <strong>
                  Sales Estimator
                </strong>,
              },
              "ref": null,
              "rendered": Object {
                "instance": null,
                "key": undefined,
                "nodeType": "host",
                "props": Object {
                  "children": "Sales Estimator",
                },
                "ref": null,
                "rendered": "Sales Estimator",
                "type": "strong",
              },
              "type": "h4",
            },
            "type": [Function],
          },
          Object {
            "instance": null,
            "key": undefined,
            "nodeType": "function",
            "props": Object {
              "children": Array [
                <KindleOrPrint />,
                <BasicInput
                  label="Enter BSR"
                />,
                <br />,
                undefined,
              ],
              "tag": "div",
            },
            "ref": null,
            "rendered": Array [
              Object {
                "instance": null,
                "key": undefined,
                "nodeType": "function",
                "props": Object {
                  "kindleOrPrint": undefined,
                  "onKindleOrPrintChange": undefined,
                },
                "ref": null,
                "rendered": null,
                "type": [Function],
              },
              Object {
                "instance": null,
                "key": undefined,
                "nodeType": "function",
                "props": Object {
                  "label": "Enter BSR",
                  "onChange": undefined,
                  "value": undefined,
                },
                "ref": null,
                "rendered": null,
                "type": [Function],
              },
              Object {
                "instance": null,
                "key": undefined,
                "nodeType": "host",
                "props": Object {},
                "ref": null,
                "rendered": null,
                "type": "br",
              },
              undefined,
            ],
            "type": [Function],
          },
        ],
        "type": [Function],
      },
      "type": [Function],
    },
    "type": [Function],
  },
  Symbol(enzyme.__nodes__): Array [
    Object {
      "instance": null,
      "key": undefined,
      "nodeType": "function",
      "props": Object {
        "children": <Col
          sm={
            Object {
              "offset": 3,
              "size": 6,
            }
          }
          tag="div"
          widths={
            Array [
              "xs",
              "sm",
              "md",
              "lg",
              "xl",
            ]
          }
          xs="12"
        >
          <Card
            tag="div"
          >
            <CardHeader
              tag="div"
            >
              <h4>
                <strong>
                  Sales Estimator
                </strong>
              </h4>
            </CardHeader>
            <CardBody
              tag="div"
            >
              <KindleOrPrint />
              <BasicInput
                label="Enter BSR"
              />
              <br />
            </CardBody>
          </Card>
        </Col>,
        "className": "animated fadeIn",
        "tag": "div",
      },
      "ref": null,
      "rendered": Object {
        "instance": null,
        "key": undefined,
        "nodeType": "function",
        "props": Object {
          "children": <Card
            tag="div"
          >
            <CardHeader
              tag="div"
            >
              <h4>
                <strong>
                  Sales Estimator
                </strong>
              </h4>
            </CardHeader>
            <CardBody
              tag="div"
            >
              <KindleOrPrint />
              <BasicInput
                label="Enter BSR"
              />
              <br />
            </CardBody>
          </Card>,
          "sm": Object {
            "offset": 3,
            "size": 6,
          },
          "tag": "div",
          "widths": Array [
            "xs",
            "sm",
            "md",
            "lg",
            "xl",
          ],
          "xs": "12",
        },
        "ref": null,
        "rendered": Object {
          "instance": null,
          "key": undefined,
          "nodeType": "function",
          "props": Object {
            "children": Array [
              <CardHeader
                tag="div"
              >
                <h4>
                  <strong>
                    Sales Estimator
                  </strong>
                </h4>
              </CardHeader>,
              <CardBody
                tag="div"
              >
                <KindleOrPrint />
                <BasicInput
                  label="Enter BSR"
                />
                <br />
              </CardBody>,
            ],
            "tag": "div",
          },
          "ref": null,
          "rendered": Array [
            Object {
              "instance": null,
              "key": undefined,
              "nodeType": "function",
              "props": Object {
                "children": <h4>
                  <strong>
                    Sales Estimator
                  </strong>
                </h4>,
                "tag": "div",
              },
              "ref": null,
              "rendered": Object {
                "instance": null,
                "key": undefined,
                "nodeType": "host",
                "props": Object {
                  "children": <strong>
                    Sales Estimator
                  </strong>,
                },
                "ref": null,
                "rendered": Object {
                  "instance": null,
                  "key": undefined,
                  "nodeType": "host",
                  "props": Object {
                    "children": "Sales Estimator",
                  },
                  "ref": null,
                  "rendered": "Sales Estimator",
                  "type": "strong",
                },
                "type": "h4",
              },
              "type": [Function],
            },
            Object {
              "instance": null,
              "key": undefined,
              "nodeType": "function",
              "props": Object {
                "children": Array [
                  <KindleOrPrint />,
                  <BasicInput
                    label="Enter BSR"
                  />,
                  <br />,
                  undefined,
                ],
                "tag": "div",
              },
              "ref": null,
              "rendered": Array [
                Object {
                  "instance": null,
                  "key": undefined,
                  "nodeType": "function",
                  "props": Object {
                    "kindleOrPrint": undefined,
                    "onKindleOrPrintChange": undefined,
                  },
                  "ref": null,
                  "rendered": null,
                  "type": [Function],
                },
                Object {
                  "instance": null,
                  "key": undefined,
                  "nodeType": "function",
                  "props": Object {
                    "label": "Enter BSR",
                    "onChange": undefined,
                    "value": undefined,
                  },
                  "ref": null,
                  "rendered": null,
                  "type": [Function],
                },
                Object {
                  "instance": null,
                  "key": undefined,
                  "nodeType": "host",
                  "props": Object {},
                  "ref": null,
                  "rendered": null,
                  "type": "br",
                },
                undefined,
              ],
              "type": [Function],
            },
          ],
          "type": [Function],
        },
        "type": [Function],
      },
      "type": [Function],
    },
  ],
  Symbol(enzyme.__options__): Object {
    "adapter": ReactSixteenAdapter {
      "options": Object {
        "enableComponentDidUpdateOnSetState": true,
        "lifecycles": Object {
          "componentDidUpdate": Object {
            "onSetState": true,
          },
          "getDerivedStateFromProps": true,
          "getSnapshotBeforeUpdate": true,
          "setState": Object {
            "skipsComponentDidUpdateOnNullish": true,
          },
        },
      },
    },
  },
}
`;
