// Jest Snapshot v1, https://goo.gl/fbAQLP

exports[`should render SidebarHeader correctly 1`] = `""`;
