// Jest Snapshot v1, https://goo.gl/fbAQLP

exports[`should render SocialMediaPage1 correctly 1`] = `
<Card
  className="animated fadeIn"
  tag="div"
>
  <CardHeader
    tag="div"
  >
    <h4>
      <strong>
        Social Media Submission - 1 of 3
      </strong>
    </h4>
  </CardHeader>
  <CardBody
    tag="div"
  >
    <Form
      tag="form"
    >
      <AmazonUrl
        hasError={false}
        label="Amazon URL*"
      />
      <NonFictionOrFiction
        hasError={false}
      />
      <SubGenre
        hasError={false}
        label="SubGenre:"
      />
      <Email
        hasError={false}
        label="Email:*"
      />
      <Button
        color="primary"
        size="sm"
        tag="button"
        type="submit"
        value="Submit"
      >
        Next Section
      </Button>
    </Form>
  </CardBody>
</Card>
`;
