// Jest Snapshot v1, https://goo.gl/fbAQLP

exports[`should render AlertMe correctly 1`] = `<CheckboxInput />`;
