// Jest Snapshot v1, https://goo.gl/fbAQLP

exports[`should render ASIN correctly 1`] = `
<BasicInput
  label="ASIN:*"
/>
`;
