// Jest Snapshot v1, https://goo.gl/fbAQLP

exports[`should render AuthorBio correctly 1`] = `
<TextAreaInput
  label="Author Biography:*"
/>
`;
