// Jest Snapshot v1, https://goo.gl/fbAQLP

exports[`should render Email correctly 1`] = `<BasicInput />`;
