// Jest Snapshot v1, https://goo.gl/fbAQLP

exports[`should render LastName correctly 1`] = `
<BasicInput
  label="Author Last Name:*"
/>
`;
