// Jest Snapshot v1, https://goo.gl/fbAQLP

exports[`should render Website correctly 1`] = `<BasicInput />`;
