// Jest Snapshot v1, https://goo.gl/fbAQLP

exports[`should render PromoPage3 correctly 1`] = `
ShallowWrapper {
  Symbol(enzyme.__root__): [Circular],
  Symbol(enzyme.__unrendered__): <PromoPage3
    error={
      Object {
        "authorBio": "",
        "description": "",
        "message": "",
      }
    }
  />,
  Symbol(enzyme.__renderer__): Object {
    "batchedUpdates": [Function],
    "getNode": [Function],
    "render": [Function],
    "simulateError": [Function],
    "simulateEvent": [Function],
    "unmount": [Function],
  },
  Symbol(enzyme.__node__): Object {
    "instance": null,
    "key": undefined,
    "nodeType": "function",
    "props": Object {
      "children": Array [
        <CardHeader
          tag="div"
        >
          <h4>
            <strong>
              Book Promo - 3 of 3
            </strong>
          </h4>
        </CardHeader>,
        <CardBody
          tag="div"
        >
          <Form
            tag="form"
          >
            <Description
              errorMessage=""
              hasError={false}
              label="Promotional Book Description (Max 2,000 characters)*"
            />
            <AuthorBio
              errorMessage=""
              hasError={false}
              label="Author Biography:*"
            />
            
            <Button
              className=".back-button"
              color="basic"
              size="sm"
              tag="button"
            >
              Go Back
            </Button>
            <Button
              color="primary"
              size="sm"
              tag="button"
              type="submit"
              value="Submit"
            >
              Submit
            </Button>
          </Form>
        </CardBody>,
      ],
      "className": "animated fadeIn",
      "tag": "div",
    },
    "ref": null,
    "rendered": Array [
      Object {
        "instance": null,
        "key": undefined,
        "nodeType": "function",
        "props": Object {
          "children": <h4>
            <strong>
              Book Promo - 3 of 3
            </strong>
          </h4>,
          "tag": "div",
        },
        "ref": null,
        "rendered": Object {
          "instance": null,
          "key": undefined,
          "nodeType": "host",
          "props": Object {
            "children": <strong>
              Book Promo - 3 of 3
            </strong>,
          },
          "ref": null,
          "rendered": Object {
            "instance": null,
            "key": undefined,
            "nodeType": "host",
            "props": Object {
              "children": "Book Promo - 3 of 3",
            },
            "ref": null,
            "rendered": "Book Promo - 3 of 3",
            "type": "strong",
          },
          "type": "h4",
        },
        "type": [Function],
      },
      Object {
        "instance": null,
        "key": undefined,
        "nodeType": "function",
        "props": Object {
          "children": <Form
            tag="form"
          >
            <Description
              errorMessage=""
              hasError={false}
              label="Promotional Book Description (Max 2,000 characters)*"
            />
            <AuthorBio
              errorMessage=""
              hasError={false}
              label="Author Biography:*"
            />
            
            <Button
              className=".back-button"
              color="basic"
              size="sm"
              tag="button"
            >
              Go Back
            </Button>
            <Button
              color="primary"
              size="sm"
              tag="button"
              type="submit"
              value="Submit"
            >
              Submit
            </Button>
          </Form>,
          "tag": "div",
        },
        "ref": null,
        "rendered": Object {
          "instance": null,
          "key": undefined,
          "nodeType": "class",
          "props": Object {
            "children": Array [
              <Description
                errorMessage=""
                hasError={false}
                label="Promotional Book Description (Max 2,000 characters)*"
              />,
              <AuthorBio
                errorMessage=""
                hasError={false}
                label="Author Biography:*"
              />,
              "",
              <Button
                className=".back-button"
                color="basic"
                size="sm"
                tag="button"
              >
                Go Back
              </Button>,
              <Button
                color="primary"
                size="sm"
                tag="button"
                type="submit"
                value="Submit"
              >
                Submit
              </Button>,
            ],
            "onSubmit": undefined,
            "tag": "form",
          },
          "ref": null,
          "rendered": Array [
            Object {
              "instance": null,
              "key": undefined,
              "nodeType": "function",
              "props": Object {
                "description": undefined,
                "errorMessage": "",
                "hasError": false,
                "label": "Promotional Book Description (Max 2,000 characters)*",
                "onDescriptionChange": undefined,
              },
              "ref": null,
              "rendered": null,
              "type": [Function],
            },
            Object {
              "instance": null,
              "key": undefined,
              "nodeType": "function",
              "props": Object {
                "authorBio": undefined,
                "errorMessage": "",
                "hasError": false,
                "label": "Author Biography:*",
                "onAuthorBioChange": undefined,
              },
              "ref": null,
              "rendered": null,
              "type": [Function],
            },
            "",
            Object {
              "instance": null,
              "key": undefined,
              "nodeType": "class",
              "props": Object {
                "children": "Go Back",
                "className": ".back-button",
                "color": "basic",
                "onClick": undefined,
                "size": "sm",
                "tag": "button",
              },
              "ref": null,
              "rendered": "Go Back",
              "type": [Function],
            },
            Object {
              "instance": null,
              "key": undefined,
              "nodeType": "class",
              "props": Object {
                "children": "Submit",
                "color": "primary",
                "size": "sm",
                "tag": "button",
                "type": "submit",
                "value": "Submit",
              },
              "ref": null,
              "rendered": "Submit",
              "type": [Function],
            },
          ],
          "type": [Function],
        },
        "type": [Function],
      },
    ],
    "type": [Function],
  },
  Symbol(enzyme.__nodes__): Array [
    Object {
      "instance": null,
      "key": undefined,
      "nodeType": "function",
      "props": Object {
        "children": Array [
          <CardHeader
            tag="div"
          >
            <h4>
              <strong>
                Book Promo - 3 of 3
              </strong>
            </h4>
          </CardHeader>,
          <CardBody
            tag="div"
          >
            <Form
              tag="form"
            >
              <Description
                errorMessage=""
                hasError={false}
                label="Promotional Book Description (Max 2,000 characters)*"
              />
              <AuthorBio
                errorMessage=""
                hasError={false}
                label="Author Biography:*"
              />
              
              <Button
                className=".back-button"
                color="basic"
                size="sm"
                tag="button"
              >
                Go Back
              </Button>
              <Button
                color="primary"
                size="sm"
                tag="button"
                type="submit"
                value="Submit"
              >
                Submit
              </Button>
            </Form>
          </CardBody>,
        ],
        "className": "animated fadeIn",
        "tag": "div",
      },
      "ref": null,
      "rendered": Array [
        Object {
          "instance": null,
          "key": undefined,
          "nodeType": "function",
          "props": Object {
            "children": <h4>
              <strong>
                Book Promo - 3 of 3
              </strong>
            </h4>,
            "tag": "div",
          },
          "ref": null,
          "rendered": Object {
            "instance": null,
            "key": undefined,
            "nodeType": "host",
            "props": Object {
              "children": <strong>
                Book Promo - 3 of 3
              </strong>,
            },
            "ref": null,
            "rendered": Object {
              "instance": null,
              "key": undefined,
              "nodeType": "host",
              "props": Object {
                "children": "Book Promo - 3 of 3",
              },
              "ref": null,
              "rendered": "Book Promo - 3 of 3",
              "type": "strong",
            },
            "type": "h4",
          },
          "type": [Function],
        },
        Object {
          "instance": null,
          "key": undefined,
          "nodeType": "function",
          "props": Object {
            "children": <Form
              tag="form"
            >
              <Description
                errorMessage=""
                hasError={false}
                label="Promotional Book Description (Max 2,000 characters)*"
              />
              <AuthorBio
                errorMessage=""
                hasError={false}
                label="Author Biography:*"
              />
              
              <Button
                className=".back-button"
                color="basic"
                size="sm"
                tag="button"
              >
                Go Back
              </Button>
              <Button
                color="primary"
                size="sm"
                tag="button"
                type="submit"
                value="Submit"
              >
                Submit
              </Button>
            </Form>,
            "tag": "div",
          },
          "ref": null,
          "rendered": Object {
            "instance": null,
            "key": undefined,
            "nodeType": "class",
            "props": Object {
              "children": Array [
                <Description
                  errorMessage=""
                  hasError={false}
                  label="Promotional Book Description (Max 2,000 characters)*"
                />,
                <AuthorBio
                  errorMessage=""
                  hasError={false}
                  label="Author Biography:*"
                />,
                "",
                <Button
                  className=".back-button"
                  color="basic"
                  size="sm"
                  tag="button"
                >
                  Go Back
                </Button>,
                <Button
                  color="primary"
                  size="sm"
                  tag="button"
                  type="submit"
                  value="Submit"
                >
                  Submit
                </Button>,
              ],
              "onSubmit": undefined,
              "tag": "form",
            },
            "ref": null,
            "rendered": Array [
              Object {
                "instance": null,
                "key": undefined,
                "nodeType": "function",
                "props": Object {
                  "description": undefined,
                  "errorMessage": "",
                  "hasError": false,
                  "label": "Promotional Book Description (Max 2,000 characters)*",
                  "onDescriptionChange": undefined,
                },
                "ref": null,
                "rendered": null,
                "type": [Function],
              },
              Object {
                "instance": null,
                "key": undefined,
                "nodeType": "function",
                "props": Object {
                  "authorBio": undefined,
                  "errorMessage": "",
                  "hasError": false,
                  "label": "Author Biography:*",
                  "onAuthorBioChange": undefined,
                },
                "ref": null,
                "rendered": null,
                "type": [Function],
              },
              "",
              Object {
                "instance": null,
                "key": undefined,
                "nodeType": "class",
                "props": Object {
                  "children": "Go Back",
                  "className": ".back-button",
                  "color": "basic",
                  "onClick": undefined,
                  "size": "sm",
                  "tag": "button",
                },
                "ref": null,
                "rendered": "Go Back",
                "type": [Function],
              },
              Object {
                "instance": null,
                "key": undefined,
                "nodeType": "class",
                "props": Object {
                  "children": "Submit",
                  "color": "primary",
                  "size": "sm",
                  "tag": "button",
                  "type": "submit",
                  "value": "Submit",
                },
                "ref": null,
                "rendered": "Submit",
                "type": [Function],
              },
            ],
            "type": [Function],
          },
          "type": [Function],
        },
      ],
      "type": [Function],
    },
  ],
  Symbol(enzyme.__options__): Object {
    "adapter": ReactSixteenAdapter {
      "options": Object {
        "enableComponentDidUpdateOnSetState": true,
        "lifecycles": Object {
          "componentDidUpdate": Object {
            "onSetState": true,
          },
          "getDerivedStateFromProps": true,
          "getSnapshotBeforeUpdate": true,
          "setState": Object {
            "skipsComponentDidUpdateOnNullish": true,
          },
        },
      },
    },
  },
}
`;
