// Jest Snapshot v1, https://goo.gl/fbAQLP

exports[`should render PromoPage1 correctly 1`] = `
ShallowWrapper {
  Symbol(enzyme.__root__): [Circular],
  Symbol(enzyme.__unrendered__): <PromoPage1
    error={
      Object {
        "amazonUrl": "",
        "asin": "",
        "email": "",
        "firstName": "",
        "genre": "",
        "lastName": "",
        "message": "",
        "nonFictionOrFiction": "",
        "title": "",
      }
    }
  />,
  Symbol(enzyme.__renderer__): Object {
    "batchedUpdates": [Function],
    "getNode": [Function],
    "render": [Function],
    "simulateError": [Function],
    "simulateEvent": [Function],
    "unmount": [Function],
  },
  Symbol(enzyme.__node__): Object {
    "instance": null,
    "key": undefined,
    "nodeType": "function",
    "props": Object {
      "children": Array [
        <CardHeader
          tag="div"
        >
          <h4>
            <strong>
              Book Promo - 1 of 3
            </strong>
          </h4>
        </CardHeader>,
        <CardBody
          tag="div"
        >
          <Form
            tag="form"
          >
            <AmazonUrl
              errorMessage=""
              hasError={false}
              label="Amazon URL*"
            />
            <NonFictionOrFiction />
            <SubGenre
              hasError={false}
              label="SubGenre:"
            />
            <Email
              errorMessage=""
              hasError={false}
              label="Email:*"
            />
            
            <Button
              color="primary"
              size="sm"
              tag="button"
              type="submit"
              value="Submit"
            >
              Next Section
            </Button>
          </Form>
        </CardBody>,
      ],
      "className": "animated fadeIn",
      "tag": "div",
    },
    "ref": null,
    "rendered": Array [
      Object {
        "instance": null,
        "key": undefined,
        "nodeType": "function",
        "props": Object {
          "children": <h4>
            <strong>
              Book Promo - 1 of 3
            </strong>
          </h4>,
          "tag": "div",
        },
        "ref": null,
        "rendered": Object {
          "instance": null,
          "key": undefined,
          "nodeType": "host",
          "props": Object {
            "children": <strong>
              Book Promo - 1 of 3
            </strong>,
          },
          "ref": null,
          "rendered": Object {
            "instance": null,
            "key": undefined,
            "nodeType": "host",
            "props": Object {
              "children": "Book Promo - 1 of 3",
            },
            "ref": null,
            "rendered": "Book Promo - 1 of 3",
            "type": "strong",
          },
          "type": "h4",
        },
        "type": [Function],
      },
      Object {
        "instance": null,
        "key": undefined,
        "nodeType": "function",
        "props": Object {
          "children": <Form
            tag="form"
          >
            <AmazonUrl
              errorMessage=""
              hasError={false}
              label="Amazon URL*"
            />
            <NonFictionOrFiction />
            <SubGenre
              hasError={false}
              label="SubGenre:"
            />
            <Email
              errorMessage=""
              hasError={false}
              label="Email:*"
            />
            
            <Button
              color="primary"
              size="sm"
              tag="button"
              type="submit"
              value="Submit"
            >
              Next Section
            </Button>
          </Form>,
          "tag": "div",
        },
        "ref": null,
        "rendered": Object {
          "instance": null,
          "key": undefined,
          "nodeType": "class",
          "props": Object {
            "children": Array [
              <AmazonUrl
                errorMessage=""
                hasError={false}
                label="Amazon URL*"
              />,
              <NonFictionOrFiction />,
              false,
              <SubGenre
                hasError={false}
                label="SubGenre:"
              />,
              <Email
                errorMessage=""
                hasError={false}
                label="Email:*"
              />,
              "",
              <Button
                color="primary"
                size="sm"
                tag="button"
                type="submit"
                value="Submit"
              >
                Next Section
              </Button>,
            ],
            "onSubmit": undefined,
            "tag": "form",
          },
          "ref": null,
          "rendered": Array [
            Object {
              "instance": null,
              "key": undefined,
              "nodeType": "function",
              "props": Object {
                "errorMessage": "",
                "hasError": false,
                "label": "Amazon URL*",
                "onChange": undefined,
                "value": undefined,
              },
              "ref": null,
              "rendered": null,
              "type": [Function],
            },
            Object {
              "instance": null,
              "key": undefined,
              "nodeType": "function",
              "props": Object {
                "nonFictionOrFiction": undefined,
                "onNonFictionOrFictionChange": undefined,
              },
              "ref": null,
              "rendered": null,
              "type": [Function],
            },
            false,
            Object {
              "instance": null,
              "key": undefined,
              "nodeType": "function",
              "props": Object {
                "errorMessage": undefined,
                "hasError": false,
                "label": "SubGenre:",
                "onSubGenreChange": undefined,
                "subGenre": undefined,
              },
              "ref": null,
              "rendered": null,
              "type": [Function],
            },
            Object {
              "instance": null,
              "key": undefined,
              "nodeType": "function",
              "props": Object {
                "email": undefined,
                "errorMessage": "",
                "hasError": false,
                "label": "Email:*",
                "onEmailChange": undefined,
              },
              "ref": null,
              "rendered": null,
              "type": [Function],
            },
            "",
            Object {
              "instance": null,
              "key": undefined,
              "nodeType": "class",
              "props": Object {
                "children": "Next Section",
                "color": "primary",
                "size": "sm",
                "tag": "button",
                "type": "submit",
                "value": "Submit",
              },
              "ref": null,
              "rendered": "Next Section",
              "type": [Function],
            },
          ],
          "type": [Function],
        },
        "type": [Function],
      },
    ],
    "type": [Function],
  },
  Symbol(enzyme.__nodes__): Array [
    Object {
      "instance": null,
      "key": undefined,
      "nodeType": "function",
      "props": Object {
        "children": Array [
          <CardHeader
            tag="div"
          >
            <h4>
              <strong>
                Book Promo - 1 of 3
              </strong>
            </h4>
          </CardHeader>,
          <CardBody
            tag="div"
          >
            <Form
              tag="form"
            >
              <AmazonUrl
                errorMessage=""
                hasError={false}
                label="Amazon URL*"
              />
              <NonFictionOrFiction />
              <SubGenre
                hasError={false}
                label="SubGenre:"
              />
              <Email
                errorMessage=""
                hasError={false}
                label="Email:*"
              />
              
              <Button
                color="primary"
                size="sm"
                tag="button"
                type="submit"
                value="Submit"
              >
                Next Section
              </Button>
            </Form>
          </CardBody>,
        ],
        "className": "animated fadeIn",
        "tag": "div",
      },
      "ref": null,
      "rendered": Array [
        Object {
          "instance": null,
          "key": undefined,
          "nodeType": "function",
          "props": Object {
            "children": <h4>
              <strong>
                Book Promo - 1 of 3
              </strong>
            </h4>,
            "tag": "div",
          },
          "ref": null,
          "rendered": Object {
            "instance": null,
            "key": undefined,
            "nodeType": "host",
            "props": Object {
              "children": <strong>
                Book Promo - 1 of 3
              </strong>,
            },
            "ref": null,
            "rendered": Object {
              "instance": null,
              "key": undefined,
              "nodeType": "host",
              "props": Object {
                "children": "Book Promo - 1 of 3",
              },
              "ref": null,
              "rendered": "Book Promo - 1 of 3",
              "type": "strong",
            },
            "type": "h4",
          },
          "type": [Function],
        },
        Object {
          "instance": null,
          "key": undefined,
          "nodeType": "function",
          "props": Object {
            "children": <Form
              tag="form"
            >
              <AmazonUrl
                errorMessage=""
                hasError={false}
                label="Amazon URL*"
              />
              <NonFictionOrFiction />
              <SubGenre
                hasError={false}
                label="SubGenre:"
              />
              <Email
                errorMessage=""
                hasError={false}
                label="Email:*"
              />
              
              <Button
                color="primary"
                size="sm"
                tag="button"
                type="submit"
                value="Submit"
              >
                Next Section
              </Button>
            </Form>,
            "tag": "div",
          },
          "ref": null,
          "rendered": Object {
            "instance": null,
            "key": undefined,
            "nodeType": "class",
            "props": Object {
              "children": Array [
                <AmazonUrl
                  errorMessage=""
                  hasError={false}
                  label="Amazon URL*"
                />,
                <NonFictionOrFiction />,
                false,
                <SubGenre
                  hasError={false}
                  label="SubGenre:"
                />,
                <Email
                  errorMessage=""
                  hasError={false}
                  label="Email:*"
                />,
                "",
                <Button
                  color="primary"
                  size="sm"
                  tag="button"
                  type="submit"
                  value="Submit"
                >
                  Next Section
                </Button>,
              ],
              "onSubmit": undefined,
              "tag": "form",
            },
            "ref": null,
            "rendered": Array [
              Object {
                "instance": null,
                "key": undefined,
                "nodeType": "function",
                "props": Object {
                  "errorMessage": "",
                  "hasError": false,
                  "label": "Amazon URL*",
                  "onChange": undefined,
                  "value": undefined,
                },
                "ref": null,
                "rendered": null,
                "type": [Function],
              },
              Object {
                "instance": null,
                "key": undefined,
                "nodeType": "function",
                "props": Object {
                  "nonFictionOrFiction": undefined,
                  "onNonFictionOrFictionChange": undefined,
                },
                "ref": null,
                "rendered": null,
                "type": [Function],
              },
              false,
              Object {
                "instance": null,
                "key": undefined,
                "nodeType": "function",
                "props": Object {
                  "errorMessage": undefined,
                  "hasError": false,
                  "label": "SubGenre:",
                  "onSubGenreChange": undefined,
                  "subGenre": undefined,
                },
                "ref": null,
                "rendered": null,
                "type": [Function],
              },
              Object {
                "instance": null,
                "key": undefined,
                "nodeType": "function",
                "props": Object {
                  "email": undefined,
                  "errorMessage": "",
                  "hasError": false,
                  "label": "Email:*",
                  "onEmailChange": undefined,
                },
                "ref": null,
                "rendered": null,
                "type": [Function],
              },
              "",
              Object {
                "instance": null,
                "key": undefined,
                "nodeType": "class",
                "props": Object {
                  "children": "Next Section",
                  "color": "primary",
                  "size": "sm",
                  "tag": "button",
                  "type": "submit",
                  "value": "Submit",
                },
                "ref": null,
                "rendered": "Next Section",
                "type": [Function],
              },
            ],
            "type": [Function],
          },
          "type": [Function],
        },
      ],
      "type": [Function],
    },
  ],
  Symbol(enzyme.__options__): Object {
    "adapter": ReactSixteenAdapter {
      "options": Object {
        "enableComponentDidUpdateOnSetState": true,
        "lifecycles": Object {
          "componentDidUpdate": Object {
            "onSetState": true,
          },
          "getDerivedStateFromProps": true,
          "getSnapshotBeforeUpdate": true,
          "setState": Object {
            "skipsComponentDidUpdateOnNullish": true,
          },
        },
      },
    },
  },
}
`;
