// Jest Snapshot v1, https://goo.gl/fbAQLP

exports[`should render PromoSuccess correctly 1`] = `<SuccessPage />`;
