// Jest Snapshot v1, https://goo.gl/fbAQLP

exports[`should render PromoPage2 correctly 1`] = `
<Card
  className="animated fadeIn"
  tag="div"
>
  <CardHeader
    tag="div"
  >
    <h4>
      <strong>
        Book Promo - 2 of 3
      </strong>
    </h4>
  </CardHeader>
  <CardBody
    tag="div"
  >
    <Form
      tag="form"
    >
      <Price
        errorMessage=""
        hasError={false}
      />
      <PromoTypes
        errorMessage=""
        hasError={false}
      />
      <DatesPicker />
      <Button
        className="back-button"
        color="basic"
        size="sm"
        tag="button"
      >
        Go Back
      </Button>
      <Button
        color="primary"
        size="sm"
        tag="button"
        type="submit"
        value="Submit"
      >
        Next Section
      </Button>
    </Form>
  </CardBody>
</Card>
`;
