// Jest Snapshot v1, https://goo.gl/fbAQLP

exports[`should render Full correctly 1`] = `
ShallowWrapper {
  "length": 1,
  Symbol(enzyme.__root__): [Circular],
  Symbol(enzyme.__unrendered__): <Full />,
  Symbol(enzyme.__renderer__): Object {
    "batchedUpdates": [Function],
    "getNode": [Function],
    "render": [Function],
    "simulateEvent": [Function],
    "unmount": [Function],
  },
  Symbol(enzyme.__node__): Object {
    "instance": null,
    "key": undefined,
    "nodeType": "host",
    "props": Object {
      "children": Array [
        <Header />,
        <div
          className="app-body"
        >
          <Sidebar />
          <main
            className="main"
          >
            <Unknown />
            <Container
              fluid={true}
              tag="div"
            >
              <Switch>
                <Route
                  component={[Function]}
                  name="Dashboard"
                  path="/dashboard"
                />
                <Route
                  component={[Function]}
                  name="Promo Submitter"
                  path="/promo-submitter"
                />
                <Redirect
                  from="/"
                  push={false}
                  to="/dashboard"
                />
              </Switch>
            </Container>
          </main>
          <Aside />
        </div>,
        <Footer />,
      ],
      "className": "app",
    },
    "ref": null,
    "rendered": Array [
      Object {
        "instance": null,
        "key": undefined,
        "nodeType": "class",
        "props": Object {},
        "ref": null,
        "rendered": null,
        "type": [Function],
      },
      Object {
        "instance": null,
        "key": undefined,
        "nodeType": "host",
        "props": Object {
          "children": Array [
            <Sidebar />,
            <main
              className="main"
            >
              <Unknown />
              <Container
                fluid={true}
                tag="div"
              >
                <Switch>
                  <Route
                    component={[Function]}
                    name="Dashboard"
                    path="/dashboard"
                  />
                  <Route
                    component={[Function]}
                    name="Promo Submitter"
                    path="/promo-submitter"
                  />
                  <Redirect
                    from="/"
                    push={false}
                    to="/dashboard"
                  />
                </Switch>
              </Container>
            </main>,
            <Aside />,
          ],
          "className": "app-body",
        },
        "ref": null,
        "rendered": Array [
          Object {
            "instance": null,
            "key": undefined,
            "nodeType": "class",
            "props": Object {},
            "ref": null,
            "rendered": null,
            "type": [Function],
          },
          Object {
            "instance": null,
            "key": undefined,
            "nodeType": "host",
            "props": Object {
              "children": Array [
                <Unknown />,
                <Container
                  fluid={true}
                  tag="div"
                >
                  <Switch>
                    <Route
                      component={[Function]}
                      name="Dashboard"
                      path="/dashboard"
                    />
                    <Route
                      component={[Function]}
                      name="Promo Submitter"
                      path="/promo-submitter"
                    />
                    <Redirect
                      from="/"
                      push={false}
                      to="/dashboard"
                    />
                  </Switch>
                </Container>,
              ],
              "className": "main",
            },
            "ref": null,
            "rendered": Array [
              Object {
                "instance": null,
                "key": undefined,
                "nodeType": "function",
                "props": Object {},
                "ref": null,
                "rendered": null,
                "type": [Function],
              },
              Object {
                "instance": null,
                "key": undefined,
                "nodeType": "function",
                "props": Object {
                  "children": <Switch>
                    <Route
                      component={[Function]}
                      name="Dashboard"
                      path="/dashboard"
                    />
                    <Route
                      component={[Function]}
                      name="Promo Submitter"
                      path="/promo-submitter"
                    />
                    <Redirect
                      from="/"
                      push={false}
                      to="/dashboard"
                    />
                  </Switch>,
                  "fluid": true,
                  "tag": "div",
                },
                "ref": null,
                "rendered": Object {
                  "instance": null,
                  "key": undefined,
                  "nodeType": "class",
                  "props": Object {
                    "children": Array [
                      <Route
                        component={[Function]}
                        name="Dashboard"
                        path="/dashboard"
                      />,
                      <Route
                        component={[Function]}
                        name="Promo Submitter"
                        path="/promo-submitter"
                      />,
                      <Redirect
                        from="/"
                        push={false}
                        to="/dashboard"
                      />,
                    ],
                  },
                  "ref": null,
                  "rendered": Array [
                    Object {
                      "instance": null,
                      "key": undefined,
                      "nodeType": "class",
                      "props": Object {
                        "component": [Function],
                        "name": "Dashboard",
                        "path": "/dashboard",
                      },
                      "ref": null,
                      "rendered": null,
                      "type": [Function],
                    },
                    Object {
                      "instance": null,
                      "key": undefined,
                      "nodeType": "class",
                      "props": Object {
                        "component": [Function],
                        "name": "Promo Submitter",
                        "path": "/promo-submitter",
                      },
                      "ref": null,
                      "rendered": null,
                      "type": [Function],
                    },
                    Object {
                      "instance": null,
                      "key": undefined,
                      "nodeType": "class",
                      "props": Object {
                        "from": "/",
                        "push": false,
                        "to": "/dashboard",
                      },
                      "ref": null,
                      "rendered": null,
                      "type": [Function],
                    },
                  ],
                  "type": [Function],
                },
                "type": [Function],
              },
            ],
            "type": "main",
          },
          Object {
            "instance": null,
            "key": undefined,
            "nodeType": "class",
            "props": Object {},
            "ref": null,
            "rendered": null,
            "type": [Function],
          },
        ],
        "type": "div",
      },
      Object {
        "instance": null,
        "key": undefined,
        "nodeType": "class",
        "props": Object {},
        "ref": null,
        "rendered": null,
        "type": [Function],
      },
    ],
    "type": "div",
  },
  Symbol(enzyme.__nodes__): Array [
    Object {
      "instance": null,
      "key": undefined,
      "nodeType": "host",
      "props": Object {
        "children": Array [
          <Header />,
          <div
            className="app-body"
          >
            <Sidebar />
            <main
              className="main"
            >
              <Unknown />
              <Container
                fluid={true}
                tag="div"
              >
                <Switch>
                  <Route
                    component={[Function]}
                    name="Dashboard"
                    path="/dashboard"
                  />
                  <Route
                    component={[Function]}
                    name="Promo Submitter"
                    path="/promo-submitter"
                  />
                  <Redirect
                    from="/"
                    push={false}
                    to="/dashboard"
                  />
                </Switch>
              </Container>
            </main>
            <Aside />
          </div>,
          <Footer />,
        ],
        "className": "app",
      },
      "ref": null,
      "rendered": Array [
        Object {
          "instance": null,
          "key": undefined,
          "nodeType": "class",
          "props": Object {},
          "ref": null,
          "rendered": null,
          "type": [Function],
        },
        Object {
          "instance": null,
          "key": undefined,
          "nodeType": "host",
          "props": Object {
            "children": Array [
              <Sidebar />,
              <main
                className="main"
              >
                <Unknown />
                <Container
                  fluid={true}
                  tag="div"
                >
                  <Switch>
                    <Route
                      component={[Function]}
                      name="Dashboard"
                      path="/dashboard"
                    />
                    <Route
                      component={[Function]}
                      name="Promo Submitter"
                      path="/promo-submitter"
                    />
                    <Redirect
                      from="/"
                      push={false}
                      to="/dashboard"
                    />
                  </Switch>
                </Container>
              </main>,
              <Aside />,
            ],
            "className": "app-body",
          },
          "ref": null,
          "rendered": Array [
            Object {
              "instance": null,
              "key": undefined,
              "nodeType": "class",
              "props": Object {},
              "ref": null,
              "rendered": null,
              "type": [Function],
            },
            Object {
              "instance": null,
              "key": undefined,
              "nodeType": "host",
              "props": Object {
                "children": Array [
                  <Unknown />,
                  <Container
                    fluid={true}
                    tag="div"
                  >
                    <Switch>
                      <Route
                        component={[Function]}
                        name="Dashboard"
                        path="/dashboard"
                      />
                      <Route
                        component={[Function]}
                        name="Promo Submitter"
                        path="/promo-submitter"
                      />
                      <Redirect
                        from="/"
                        push={false}
                        to="/dashboard"
                      />
                    </Switch>
                  </Container>,
                ],
                "className": "main",
              },
              "ref": null,
              "rendered": Array [
                Object {
                  "instance": null,
                  "key": undefined,
                  "nodeType": "function",
                  "props": Object {},
                  "ref": null,
                  "rendered": null,
                  "type": [Function],
                },
                Object {
                  "instance": null,
                  "key": undefined,
                  "nodeType": "function",
                  "props": Object {
                    "children": <Switch>
                      <Route
                        component={[Function]}
                        name="Dashboard"
                        path="/dashboard"
                      />
                      <Route
                        component={[Function]}
                        name="Promo Submitter"
                        path="/promo-submitter"
                      />
                      <Redirect
                        from="/"
                        push={false}
                        to="/dashboard"
                      />
                    </Switch>,
                    "fluid": true,
                    "tag": "div",
                  },
                  "ref": null,
                  "rendered": Object {
                    "instance": null,
                    "key": undefined,
                    "nodeType": "class",
                    "props": Object {
                      "children": Array [
                        <Route
                          component={[Function]}
                          name="Dashboard"
                          path="/dashboard"
                        />,
                        <Route
                          component={[Function]}
                          name="Promo Submitter"
                          path="/promo-submitter"
                        />,
                        <Redirect
                          from="/"
                          push={false}
                          to="/dashboard"
                        />,
                      ],
                    },
                    "ref": null,
                    "rendered": Array [
                      Object {
                        "instance": null,
                        "key": undefined,
                        "nodeType": "class",
                        "props": Object {
                          "component": [Function],
                          "name": "Dashboard",
                          "path": "/dashboard",
                        },
                        "ref": null,
                        "rendered": null,
                        "type": [Function],
                      },
                      Object {
                        "instance": null,
                        "key": undefined,
                        "nodeType": "class",
                        "props": Object {
                          "component": [Function],
                          "name": "Promo Submitter",
                          "path": "/promo-submitter",
                        },
                        "ref": null,
                        "rendered": null,
                        "type": [Function],
                      },
                      Object {
                        "instance": null,
                        "key": undefined,
                        "nodeType": "class",
                        "props": Object {
                          "from": "/",
                          "push": false,
                          "to": "/dashboard",
                        },
                        "ref": null,
                        "rendered": null,
                        "type": [Function],
                      },
                    ],
                    "type": [Function],
                  },
                  "type": [Function],
                },
              ],
              "type": "main",
            },
            Object {
              "instance": null,
              "key": undefined,
              "nodeType": "class",
              "props": Object {},
              "ref": null,
              "rendered": null,
              "type": [Function],
            },
          ],
          "type": "div",
        },
        Object {
          "instance": null,
          "key": undefined,
          "nodeType": "class",
          "props": Object {},
          "ref": null,
          "rendered": null,
          "type": [Function],
        },
      ],
      "type": "div",
    },
  ],
  Symbol(enzyme.__options__): Object {
    "adapter": ReactSixteenAdapter {
      "options": Object {
        "enableComponentDidUpdateOnSetState": true,
      },
    },
  },
}
`;
