// Jest Snapshot v1, https://goo.gl/fbAQLP

exports[`should render Header correctly 1`] = `
ShallowWrapper {
  "length": 1,
  Symbol(enzyme.__root__): [Circular],
  Symbol(enzyme.__unrendered__): <Header />,
  Symbol(enzyme.__renderer__): Object {
    "batchedUpdates": [Function],
    "getNode": [Function],
    "render": [Function],
    "simulateEvent": [Function],
    "unmount": [Function],
  },
  Symbol(enzyme.__node__): Object {
    "instance": null,
    "key": undefined,
    "nodeType": "host",
    "props": Object {
      "children": Array [
        <NavbarToggler
          className="d-lg-none"
          onClick={[Function]}
          tag="button"
          type="button"
        >
          <span
            className="navbar-toggler-icon"
          />
        </NavbarToggler>,
        <NavbarBrand
          href="#"
          tag="a"
        />,
        <NavbarToggler
          className="d-md-down-none mr-auto"
          onClick={[Function]}
          tag="button"
          type="button"
        >
          <span
            className="navbar-toggler-icon"
          />
        </NavbarToggler>,
        <NavbarToggler
          className="d-md-down-none"
          onClick={[Function]}
          tag="button"
          type="button"
        >
          <span
            className="navbar-toggler-icon"
          />
        </NavbarToggler>,
      ],
      "className": "app-header navbar",
    },
    "ref": null,
    "rendered": Array [
      Object {
        "instance": null,
        "key": undefined,
        "nodeType": "function",
        "props": Object {
          "children": <span
            className="navbar-toggler-icon"
          />,
          "className": "d-lg-none",
          "onClick": [Function],
          "tag": "button",
          "type": "button",
        },
        "ref": null,
        "rendered": Object {
          "instance": null,
          "key": undefined,
          "nodeType": "host",
          "props": Object {
            "className": "navbar-toggler-icon",
          },
          "ref": null,
          "rendered": null,
          "type": "span",
        },
        "type": [Function],
      },
      Object {
        "instance": null,
        "key": undefined,
        "nodeType": "function",
        "props": Object {
          "href": "#",
          "tag": "a",
        },
        "ref": null,
        "rendered": null,
        "type": [Function],
      },
      Object {
        "instance": null,
        "key": undefined,
        "nodeType": "function",
        "props": Object {
          "children": <span
            className="navbar-toggler-icon"
          />,
          "className": "d-md-down-none mr-auto",
          "onClick": [Function],
          "tag": "button",
          "type": "button",
        },
        "ref": null,
        "rendered": Object {
          "instance": null,
          "key": undefined,
          "nodeType": "host",
          "props": Object {
            "className": "navbar-toggler-icon",
          },
          "ref": null,
          "rendered": null,
          "type": "span",
        },
        "type": [Function],
      },
      Object {
        "instance": null,
        "key": undefined,
        "nodeType": "function",
        "props": Object {
          "children": <span
            className="navbar-toggler-icon"
          />,
          "className": "d-md-down-none",
          "onClick": [Function],
          "tag": "button",
          "type": "button",
        },
        "ref": null,
        "rendered": Object {
          "instance": null,
          "key": undefined,
          "nodeType": "host",
          "props": Object {
            "className": "navbar-toggler-icon",
          },
          "ref": null,
          "rendered": null,
          "type": "span",
        },
        "type": [Function],
      },
    ],
    "type": "header",
  },
  Symbol(enzyme.__nodes__): Array [
    Object {
      "instance": null,
      "key": undefined,
      "nodeType": "host",
      "props": Object {
        "children": Array [
          <NavbarToggler
            className="d-lg-none"
            onClick={[Function]}
            tag="button"
            type="button"
          >
            <span
              className="navbar-toggler-icon"
            />
          </NavbarToggler>,
          <NavbarBrand
            href="#"
            tag="a"
          />,
          <NavbarToggler
            className="d-md-down-none mr-auto"
            onClick={[Function]}
            tag="button"
            type="button"
          >
            <span
              className="navbar-toggler-icon"
            />
          </NavbarToggler>,
          <NavbarToggler
            className="d-md-down-none"
            onClick={[Function]}
            tag="button"
            type="button"
          >
            <span
              className="navbar-toggler-icon"
            />
          </NavbarToggler>,
        ],
        "className": "app-header navbar",
      },
      "ref": null,
      "rendered": Array [
        Object {
          "instance": null,
          "key": undefined,
          "nodeType": "function",
          "props": Object {
            "children": <span
              className="navbar-toggler-icon"
            />,
            "className": "d-lg-none",
            "onClick": [Function],
            "tag": "button",
            "type": "button",
          },
          "ref": null,
          "rendered": Object {
            "instance": null,
            "key": undefined,
            "nodeType": "host",
            "props": Object {
              "className": "navbar-toggler-icon",
            },
            "ref": null,
            "rendered": null,
            "type": "span",
          },
          "type": [Function],
        },
        Object {
          "instance": null,
          "key": undefined,
          "nodeType": "function",
          "props": Object {
            "href": "#",
            "tag": "a",
          },
          "ref": null,
          "rendered": null,
          "type": [Function],
        },
        Object {
          "instance": null,
          "key": undefined,
          "nodeType": "function",
          "props": Object {
            "children": <span
              className="navbar-toggler-icon"
            />,
            "className": "d-md-down-none mr-auto",
            "onClick": [Function],
            "tag": "button",
            "type": "button",
          },
          "ref": null,
          "rendered": Object {
            "instance": null,
            "key": undefined,
            "nodeType": "host",
            "props": Object {
              "className": "navbar-toggler-icon",
            },
            "ref": null,
            "rendered": null,
            "type": "span",
          },
          "type": [Function],
        },
        Object {
          "instance": null,
          "key": undefined,
          "nodeType": "function",
          "props": Object {
            "children": <span
              className="navbar-toggler-icon"
            />,
            "className": "d-md-down-none",
            "onClick": [Function],
            "tag": "button",
            "type": "button",
          },
          "ref": null,
          "rendered": Object {
            "instance": null,
            "key": undefined,
            "nodeType": "host",
            "props": Object {
              "className": "navbar-toggler-icon",
            },
            "ref": null,
            "rendered": null,
            "type": "span",
          },
          "type": [Function],
        },
      ],
      "type": "header",
    },
  ],
  Symbol(enzyme.__options__): Object {
    "adapter": ReactSixteenAdapter {
      "options": Object {
        "enableComponentDidUpdateOnSetState": true,
      },
    },
  },
}
`;
