// Jest Snapshot v1, https://goo.gl/fbAQLP

exports[`should render AlertsSuccess correctly 1`] = `<SuccessPage />`;
