// Jest Snapshot v1, https://goo.gl/fbAQLP

exports[`should render MediaSubmitter correctly 1`] = `
ShallowWrapper {
  Symbol(enzyme.__root__): [Circular],
  Symbol(enzyme.__unrendered__): <MediaSubmitter />,
  Symbol(enzyme.__renderer__): Object {
    "batchedUpdates": [Function],
    "getNode": [Function],
    "render": [Function],
    "simulateError": [Function],
    "simulateEvent": [Function],
    "unmount": [Function],
  },
  Symbol(enzyme.__node__): Object {
    "instance": null,
    "key": undefined,
    "nodeType": "function",
    "props": Object {
      "amazonUrl": "",
      "calendarFocus": null,
      "currentPage": "MediaPage1",
      "email": "",
      "endDate": null,
      "error": Object {
        "amazonUrl": "",
        "email": "",
        "facebook": "",
        "genre": "",
        "keywords": "",
        "message": "",
        "nonFictionOrFiction": "",
        "notes": "",
        "regPrice": "",
        "salePrice": "",
        "tweet": "",
      },
      "facebook": "",
      "genre": "Please select",
      "keywords": "",
      "nonFictionOrFiction": "Non-fiction",
      "notes": "",
      "onAmazonUrlChange": [Function],
      "onBack": [Function],
      "onDatesChange": [Function],
      "onEmailChange": [Function],
      "onFacebookChange": [Function],
      "onFocusChange": [Function],
      "onGenreChange": [Function],
      "onKeywordsChange": [Function],
      "onNonFictionOrFictionChange": [Function],
      "onNotesChange": [Function],
      "onRegPriceChange": [Function],
      "onSalePriceChange": [Function],
      "onSubGenreChange": [Function],
      "onSubmitMediaPage1": [Function],
      "onSubmitMediaPage2": [Function],
      "onSubmitMediaPage3": [Function],
      "onTweetChange": [Function],
      "regPrice": "",
      "salePrice": "",
      "startDate": null,
      "subGenre": "",
      "tweet": "",
    },
    "ref": null,
    "rendered": null,
    "type": [Function],
  },
  Symbol(enzyme.__nodes__): Array [
    Object {
      "instance": null,
      "key": undefined,
      "nodeType": "function",
      "props": Object {
        "amazonUrl": "",
        "calendarFocus": null,
        "currentPage": "MediaPage1",
        "email": "",
        "endDate": null,
        "error": Object {
          "amazonUrl": "",
          "email": "",
          "facebook": "",
          "genre": "",
          "keywords": "",
          "message": "",
          "nonFictionOrFiction": "",
          "notes": "",
          "regPrice": "",
          "salePrice": "",
          "tweet": "",
        },
        "facebook": "",
        "genre": "Please select",
        "keywords": "",
        "nonFictionOrFiction": "Non-fiction",
        "notes": "",
        "onAmazonUrlChange": [Function],
        "onBack": [Function],
        "onDatesChange": [Function],
        "onEmailChange": [Function],
        "onFacebookChange": [Function],
        "onFocusChange": [Function],
        "onGenreChange": [Function],
        "onKeywordsChange": [Function],
        "onNonFictionOrFictionChange": [Function],
        "onNotesChange": [Function],
        "onRegPriceChange": [Function],
        "onSalePriceChange": [Function],
        "onSubGenreChange": [Function],
        "onSubmitMediaPage1": [Function],
        "onSubmitMediaPage2": [Function],
        "onSubmitMediaPage3": [Function],
        "onTweetChange": [Function],
        "regPrice": "",
        "salePrice": "",
        "startDate": null,
        "subGenre": "",
        "tweet": "",
      },
      "ref": null,
      "rendered": null,
      "type": [Function],
    },
  ],
  Symbol(enzyme.__options__): Object {
    "adapter": ReactSixteenAdapter {
      "options": Object {
        "enableComponentDidUpdateOnSetState": true,
        "lifecycles": Object {
          "componentDidUpdate": Object {
            "onSetState": true,
          },
          "getDerivedStateFromProps": true,
          "getSnapshotBeforeUpdate": true,
          "setState": Object {
            "skipsComponentDidUpdateOnNullish": true,
          },
        },
      },
    },
  },
}
`;
