// Jest Snapshot v1, https://goo.gl/fbAQLP

exports[`should render TextAreaInput correctly 1`] = `
ShallowWrapper {
  Symbol(enzyme.__root__): [Circular],
  Symbol(enzyme.__unrendered__): <TextAreaInput />,
  Symbol(enzyme.__renderer__): Object {
    "batchedUpdates": [Function],
    "getNode": [Function],
    "render": [Function],
    "simulateError": [Function],
    "simulateEvent": [Function],
    "unmount": [Function],
  },
  Symbol(enzyme.__node__): Object {
    "instance": null,
    "key": undefined,
    "nodeType": "function",
    "props": Object {
      "children": Array [
        <Label
          tag="label"
          widths={
            Array [
              "xs",
              "sm",
              "md",
              "lg",
              "xl",
            ]
          }
        />,
        <Input
          className="textarea"
          invalid={false}
          type="textarea"
          valid={false}
        />,
        undefined,
      ],
      "tag": "div",
    },
    "ref": null,
    "rendered": Array [
      Object {
        "instance": null,
        "key": undefined,
        "nodeType": "function",
        "props": Object {
          "children": undefined,
          "tag": "label",
          "widths": Array [
            "xs",
            "sm",
            "md",
            "lg",
            "xl",
          ],
        },
        "ref": null,
        "rendered": null,
        "type": [Function],
      },
      Object {
        "instance": null,
        "key": undefined,
        "nodeType": "class",
        "props": Object {
          "className": "textarea",
          "invalid": false,
          "onChange": undefined,
          "type": "textarea",
          "valid": false,
          "value": undefined,
        },
        "ref": null,
        "rendered": null,
        "type": [Function],
      },
      undefined,
    ],
    "type": [Function],
  },
  Symbol(enzyme.__nodes__): Array [
    Object {
      "instance": null,
      "key": undefined,
      "nodeType": "function",
      "props": Object {
        "children": Array [
          <Label
            tag="label"
            widths={
              Array [
                "xs",
                "sm",
                "md",
                "lg",
                "xl",
              ]
            }
          />,
          <Input
            className="textarea"
            invalid={false}
            type="textarea"
            valid={false}
          />,
          undefined,
        ],
        "tag": "div",
      },
      "ref": null,
      "rendered": Array [
        Object {
          "instance": null,
          "key": undefined,
          "nodeType": "function",
          "props": Object {
            "children": undefined,
            "tag": "label",
            "widths": Array [
              "xs",
              "sm",
              "md",
              "lg",
              "xl",
            ],
          },
          "ref": null,
          "rendered": null,
          "type": [Function],
        },
        Object {
          "instance": null,
          "key": undefined,
          "nodeType": "class",
          "props": Object {
            "className": "textarea",
            "invalid": false,
            "onChange": undefined,
            "type": "textarea",
            "valid": false,
            "value": undefined,
          },
          "ref": null,
          "rendered": null,
          "type": [Function],
        },
        undefined,
      ],
      "type": [Function],
    },
  ],
  Symbol(enzyme.__options__): Object {
    "adapter": ReactSixteenAdapter {
      "options": Object {
        "enableComponentDidUpdateOnSetState": true,
        "lifecycles": Object {
          "componentDidUpdate": Object {
            "onSetState": true,
          },
          "getDerivedStateFromProps": true,
          "getSnapshotBeforeUpdate": true,
          "setState": Object {
            "skipsComponentDidUpdateOnNullish": true,
          },
        },
      },
    },
  },
}
`;
