// Jest Snapshot v1, https://goo.gl/fbAQLP

exports[`should render Dashboard correctly 1`] = `
ShallowWrapper {
  Symbol(enzyme.__root__): [Circular],
  Symbol(enzyme.__unrendered__): <Dashboard />,
  Symbol(enzyme.__renderer__): Object {
    "batchedUpdates": [Function],
    "getNode": [Function],
    "render": [Function],
    "simulateError": [Function],
    "simulateEvent": [Function],
    "unmount": [Function],
  },
  Symbol(enzyme.__node__): Object {
    "instance": null,
    "key": undefined,
    "nodeType": "function",
    "props": Object {
      "children": <Col
        sm={
          Object {
            "offset": 3,
            "size": 6,
          }
        }
        tag="div"
        widths={
          Array [
            "xs",
            "sm",
            "md",
            "lg",
            "xl",
          ]
        }
        xs="12"
      >
        <h4>
          Your Dashboard
        </h4>
      </Col>,
      "className": "animated fadeIn",
      "tag": "div",
    },
    "ref": null,
    "rendered": Object {
      "instance": null,
      "key": undefined,
      "nodeType": "function",
      "props": Object {
        "children": <h4>
          Your Dashboard
        </h4>,
        "sm": Object {
          "offset": 3,
          "size": 6,
        },
        "tag": "div",
        "widths": Array [
          "xs",
          "sm",
          "md",
          "lg",
          "xl",
        ],
        "xs": "12",
      },
      "ref": null,
      "rendered": Object {
        "instance": null,
        "key": undefined,
        "nodeType": "host",
        "props": Object {
          "children": "Your Dashboard",
        },
        "ref": null,
        "rendered": "Your Dashboard",
        "type": "h4",
      },
      "type": [Function],
    },
    "type": [Function],
  },
  Symbol(enzyme.__nodes__): Array [
    Object {
      "instance": null,
      "key": undefined,
      "nodeType": "function",
      "props": Object {
        "children": <Col
          sm={
            Object {
              "offset": 3,
              "size": 6,
            }
          }
          tag="div"
          widths={
            Array [
              "xs",
              "sm",
              "md",
              "lg",
              "xl",
            ]
          }
          xs="12"
        >
          <h4>
            Your Dashboard
          </h4>
        </Col>,
        "className": "animated fadeIn",
        "tag": "div",
      },
      "ref": null,
      "rendered": Object {
        "instance": null,
        "key": undefined,
        "nodeType": "function",
        "props": Object {
          "children": <h4>
            Your Dashboard
          </h4>,
          "sm": Object {
            "offset": 3,
            "size": 6,
          },
          "tag": "div",
          "widths": Array [
            "xs",
            "sm",
            "md",
            "lg",
            "xl",
          ],
          "xs": "12",
        },
        "ref": null,
        "rendered": Object {
          "instance": null,
          "key": undefined,
          "nodeType": "host",
          "props": Object {
            "children": "Your Dashboard",
          },
          "ref": null,
          "rendered": "Your Dashboard",
          "type": "h4",
        },
        "type": [Function],
      },
      "type": [Function],
    },
  ],
  Symbol(enzyme.__options__): Object {
    "adapter": ReactSixteenAdapter {
      "options": Object {
        "enableComponentDidUpdateOnSetState": true,
        "lifecycles": Object {
          "componentDidUpdate": Object {
            "onSetState": true,
          },
          "getDerivedStateFromProps": true,
          "getSnapshotBeforeUpdate": true,
          "setState": Object {
            "skipsComponentDidUpdateOnNullish": true,
          },
        },
      },
    },
  },
}
`;
